// Jest Snapshot v1, https://goo.gl/fbAQLP

exports[`renders EditExpensePage without crashing 1`] = `
<div>
  <div
    className="page-header"
  >
    <div
      className="content-container"
    >
      <h3
        className="page-header__title"
      >
        Edit Page
      </h3>
    </div>
  </div>
  <ExpenseForm
    expense={
      Object {
        "amount": 190,
        "createdAt": 0,
        "description": "Gym",
        "id": "1",
        "notes": "",
      }
    }
    onSubmit={[Function]}
  />
  <div
    className="content-container--center"
  >
    <button
      className="button button--remove"
      onClick={[Function]}
    >
      Remove Expense
    </button>
  </div>
</div>
`;

exports[`should handle startEditExpense 1`] = `
<div>
  <div
    className="page-header"
  >
    <div
      className="content-container"
    >
      <h3
        className="page-header__title"
      >
        Edit Page
      </h3>
    </div>
  </div>
  <ExpenseForm
    expense={
      Object {
        "amount": 190,
        "createdAt": 0,
        "description": "Gym",
        "id": "1",
        "notes": "",
      }
    }
    onSubmit={[Function]}
  />
  <div
    className="content-container--center"
  >
    <button
      className="button button--remove"
      onClick={[Function]}
    >
      Remove Expense
    </button>
  </div>
</div>
`;

exports[`should handle startRemoveExpense 1`] = `
<div>
  <div
    className="page-header"
  >
    <div
      className="content-container"
    >
      <h3
        className="page-header__title"
      >
        Edit Page
      </h3>
    </div>
  </div>
  <ExpenseForm
    expense={
      Object {
        "amount": 190,
        "createdAt": 0,
        "description": "Gym",
        "id": "1",
        "notes": "",
      }
    }
    onSubmit={[Function]}
  />
  <div
    className="content-container--center"
  >
    <button
      className="button button--remove"
      onClick={[Function]}
    >
      Remove Expense
    </button>
  </div>
</div>
`;
