// Jest Snapshot v1, https://goo.gl/fbAQLP

exports[`should render Header correctly 1`] = `
<header
  className="header"
>
  <Link
    className="header__title"
    exact="true"
    replace={false}
    to="/dashboard"
  >
    <h2>
      Expensify
    </h2>
  </Link>
  <button
    className="button"
    onClick={[Function]}
  >
    Logout
  </button>
</header>
`;
